[    0.000000] Booting Linux on physical CPU 0x0
[    0.000000] Linux version 6.16.0+ (kali@kalivm) (arm-linux-gnueabihf-gcc (Debian 15.2.0-7) 15.2.0, GNU ld (GNU Binutils for Debian) 2.45.50.20251209) #20 SMP Sun Mar  1 23:01:07 CET 2026
[    0.000000] CPU: ARMv7 Processor [413fc090] revision 0 (ARMv7), cr=10c5387d
[    0.000000] CPU: PIPT / VIPT nonaliasing data cache, VIPT aliasing instruction cache
[    0.000000] OF: fdt: Machine model: Samsung Galaxy Core 2 (SM-G350)
[    0.000000] printk: debug: ignoring loglevel setting.
[    0.000000] Memory policy: Data cache writealloc
[    0.000000] cma: Reserved 16 MiB at 0xad000000
[    0.000000] Zone ranges:
[    0.000000]   Normal   [mem 0x0000000080000000-0x00000000adffffff]
[    0.000000] Movable zone start for each node
[    0.000000] Early memory node ranges
[    0.000000]   node   0: [mem 0x0000000080000000-0x000000009d7fffff]
[    0.000000]   node   0: [mem 0x000000009d800000-0x000000009dbfffff]
[    0.000000]   node   0: [mem 0x000000009dc00000-0x00000000adffffff]
[    0.000000] Initmem setup node 0 [mem 0x0000000080000000-0x00000000adffffff]
[    0.000000] OF: reserved mem: 0x9d800000..0x9d8fffff (1024 KiB) nomap non-reusable secure-mem@9d800000
[    0.000000] OF: reserved mem: 0x9d900000..0x9dbfffff (3072 KiB) nomap non-reusable mobicore@9d900000
[    0.000000] OF: reserved mem: 0xae980000..0xaeaf6fff (1500 KiB) nomap non-reusable framebuffer@ae980000
[    0.000000] percpu: Embedded 12 pages/cpu s18892 r8192 d22068 u49152
[    0.000000] pcpu-alloc: s18892 r8192 d22068 u49152 alloc=12*4096
[    0.000000] pcpu-alloc: [0] 0 [0] 1 
[    0.000000] Kernel command line: mem=736M ignore_loglevel console=ttyS2,115200n8 console=tty0 root=/dev/mmcblk1p2 rootwait rw
[    0.000000] printk: log buffer data + meta data: 131072 + 409600 = 540672 bytes
[    0.000000] Dentry cache hash table entries: 131072 (order: 7, 524288 bytes, linear)
[    0.000000] Inode-cache hash table entries: 65536 (order: 6, 262144 bytes, linear)
[    0.000000] Built 1 zonelists, mobility grouping on.  Total pages: 188416
[    0.000000] mem auto-init: stack:all(zero), heap alloc:off, heap free:off
[    0.000000] SLUB: HWalign=32, Order=0-3, MinObjects=0, CPUs=2, Nodes=1
[    0.000000] rcu: Hierarchical RCU implementation.
[    0.000000] rcu: 	RCU event tracing is enabled.
[    0.000000] rcu: 	RCU restricting CPUs from NR_CPUS=4 to nr_cpu_ids=2.
[    0.000000] rcu: RCU calculated value of scheduler-enlistment delay is 10 jiffies.
[    0.000000] rcu: Adjusting geometry for rcu_fanout_leaf=16, nr_cpu_ids=2
[    0.000000] NR_IRQS: 16, nr_irqs: 16, preallocated irqs: 16
[    0.000000] rcu: srcu_init: Setting srcu_struct sizes based on contention.
[    0.000000] clocksource: Kona Clock Source: mask: 0xffffffffffffffff max_cycles: 0x1ef4687b1, max_idle_ns: 112843571739654 ns
[    0.000000] sched_clock: 64 bits at 33kHz, resolution 30517ns, wraps every 70368744171142ns
[    0.000305] Console: colour dummy device 80x30
[    0.000335] printk: legacy console [tty0] enabled
[    0.000732] Calibrating delay loop... 2387.14 BogoMIPS (lpj=11935744)
[    0.060058] CPU: Testing write buffer coherency: ok
[    0.060150] CPU0: Spectre v2: using BPIALL workaround
[    0.060180] pid_max: default: 32768 minimum: 301
[    0.060424] Mount-cache hash table entries: 2048 (order: 1, 8192 bytes, linear)
[    0.060485] Mountpoint-cache hash table entries: 2048 (order: 1, 8192 bytes, linear)
[    0.061706] CPU0: thread -1, cpu 0, socket 0, mpidr 80000000
[    0.061798] cacheinfo: Unable to detect cache hierarchy for CPU 0
[    0.064300] Setting up static identity map for 0x80100000 - 0x80100060
[    0.064697] rcu: Hierarchical SRCU implementation.
[    0.064758] rcu: 	Max phase no-delay instances is 1000.
[    0.065429] Timer migration: 1 hierarchy levels; 8 children per group; 1 crossnode level
[    0.066467] smp: Bringing up secondary CPUs ...
[    0.138763] CPU1: thread -1, cpu 1, socket 0, mpidr 80000001
[    0.138824] CPU1: Spectre v2: using BPIALL workaround
[    0.139160] smp: Brought up 1 node, 2 CPUs
[    0.139190] SMP: Total of 2 processors activated (7182.74 BogoMIPS).
[    0.139221] CPU: All CPU(s) started in SVC mode.
[    0.140106] Memory: 712540K/753664K available (6144K kernel code, 610K rwdata, 2252K rodata, 1024K init, 233K bss, 22100K reserved, 16384K cma-reserved)
[    0.140869] devtmpfs: initialized
[    0.146301] VFP support v0.3: implementor 41 architecture 3 part 30 variant 9 rev 4
[    0.146667] clocksource: jiffies: mask: 0xffffffff max_cycles: 0xffffffff, max_idle_ns: 19112604462750000 ns
[    0.146728] posixtimers hash table entries: 1024 (order: 1, 8192 bytes, linear)
[    0.146820] futex hash table entries: 512 (32768 bytes on 1 NUMA nodes, total 32 KiB, linear).
[    0.147491] pinctrl core: initialized pinctrl subsystem
[    0.148742] NET: Registered PF_NETLINK/PF_ROUTE protocol family
[    0.150177] DMA: preallocated 256 KiB pool for atomic coherent allocations
[    0.151428] thermal_sys: Registered thermal governor 'step_wise'
[    0.151672] Kona Secure API initialized
[    0.152008] Couldn't enable L2 cache: -19
[    0.160644] usbcore: registered new interface driver usbfs
[    0.160705] usbcore: registered new interface driver hub
[    0.160766] usbcore: registered new device driver usb
[    0.160888] pps_core: LinuxPPS API ver. 1 registered
[    0.160919] pps_core: Software ver. 5.3.6 - Copyright 2005-2007 Rodolfo Giometti <giometti@linux.it>
[    0.160949] PTP clock support registered
[    0.161987] clocksource: Switched to clocksource Kona Clock Source
[    0.172180] NET: Registered PF_INET protocol family
[    0.172454] IP idents hash table entries: 16384 (order: 5, 131072 bytes, linear)
[    0.173828] tcp_listen_portaddr_hash hash table entries: 512 (order: 0, 4096 bytes, linear)
[    0.173858] Table-perturb hash table entries: 65536 (order: 6, 262144 bytes, linear)
[    0.173889] TCP established hash table entries: 8192 (order: 3, 32768 bytes, linear)
[    0.173980] TCP bind hash table entries: 8192 (order: 5, 131072 bytes, linear)
[    0.174163] TCP: Hash tables configured (established 8192 bind 8192)
[    0.174285] UDP hash table entries: 512 (order: 2, 28672 bytes, linear)
[    0.174377] UDP-Lite hash table entries: 512 (order: 2, 28672 bytes, linear)
[    0.174621] NET: Registered PF_UNIX/PF_LOCAL protocol family
[    0.176605] Unpacking initramfs...
[    0.176696] Freeing initrd memory: 4K
[    0.177368] Initialise system trusted keyrings
[    0.177642] workingset: timestamp_bits=30 max_order=18 bucket_order=0
[    0.178131] Key type asymmetric registered
[    0.178161] Asymmetric key parser 'x509' registered
[    0.178222] io scheduler mq-deadline registered
[    0.178253] io scheduler kyber registered
[    0.178283] io scheduler bfq registered
[    0.178710] Clockevents: could not switch to one-shot mode:
[    0.178710] Clockevents: could not switch to one-shot mode:
[    0.178710]  dummy_timer is not functional.
[    0.178741] Could not switch to high resolution mode on CPU 1
[    0.178741]  dummy_timer is not functional.
[    0.178771] Could not switch to high resolution mode on CPU 0
[    0.180450] bcm-kona-gpio 35003000.gpio: Setting up Kona GPIO
[    0.180480] gpio gpiochip0: Static allocation of GPIO base is deprecated, use dynamic allocation.
[    0.243438] Serial: 8250/16550 driver, 4 ports, IRQ sharing disabled
[    0.246398] 3e000000.serial: ttyS0 at MMIO 0x3e000000 (irq = 29, base_baud = 808290) is a 16550A
[    0.246673] serial serial0: tty port ttyS0 registered
[    0.247833] 3e001000.serial: ttyS1 at MMIO 0x3e001000 (irq = 30, base_baud = 812500) is a 16550A
[    0.249206] 3e002000.serial: ttyS2 at MMIO 0x3e002000 (irq = 31, base_baud = 808290) is a 16550A
[    0.249328] printk: legacy console [ttyS2] enabled
[    1.021636] [drm] Initialized simpledrm 1.0.0 for ae980000.framebuffer on minor 0
[    1.041564] Console: switching to colour frame buffer device 60x50
[    1.062225] simple-framebuffer ae980000.framebuffer: [drm] fb0: simpledrmdrmfb frame buffer device
[    1.086181] bcm590xx-ponkey: Failed to locate of_node [id: -1]
[    1.093902] bcm-kona-i2c 3500d000.i2c: device registered successfully
[    1.102478] bcm-kona-i2c 3e018000.i2c: device registered successfully
[    1.111541] bcm-kona-i2c 3e01c000.i2c: device registered successfully
[    1.120208] sdhci: Secure Digital Host Controller Interface driver
[    1.127258] sdhci: Copyright(c) Pierre Ossman
[    1.132171] sdhci-pltfm: SDHCI platform and OF driver helper
[    1.141754] usbcore: registered new interface driver usbhid
[    1.151428] usbhid: USB HID core driver
[    1.154632] bcm-kona-gpio 35003000.gpio: Debounce value 200000 not in range
[    1.165832] NET: Registered PF_INET6 protocol family
[    1.168182] sdhci-kona 3f180000.mmc: Got CD GPIO
[    1.182708] Segment Routing with IPv6
[    1.192382] In-situ OAM (IOAM) with IPv6
[    1.202209] sit: IPv6, IPv4 and MPLS over IPv4 tunneling driver
[    1.216339] NET: Registered PF_PACKET protocol family
[    1.227325] Registering SWP/SWPB emulation handler
[    1.242858] Loading compiled-in X.509 certificates
[    1.303192] mmc0: SDHCI controller on 3f190000.mmc [3f190000.mmc] using PIO
[    1.314392] mmc1: SDHCI controller on 3f180000.mmc [3f180000.mmc] using PIO
[    1.433197] mmc0: new high speed MMC card at address 0001
[    1.445251] mmcblk0: mmc0:0001 K5U00M 3.64 GiB
[    1.464813]  mmcblk0: p1 p2 p3 p4 p5 p6 p7 p8 p9 p10 p11 p12 p13 p14 p15 p16 p17 p18 p19
[    1.483154] dwc2 3f120000.usb: dwc2_check_params: Invalid parameter besl=1
[    1.493713] dwc2 3f120000.usb: dwc2_check_params: Invalid parameter g_np_tx_fifo_size=1024
[    1.494384] mmcblk0boot0: mmc0:0001 K5U00M 2.00 MiB
[    1.504730] dwc2 3f120000.usb: EPs: 16, dedicated fifos, 3968 entries in SPRAM
[    1.511688] mmcblk0boot1: mmc0:0001 K5U00M 2.00 MiB
[    1.534149] dwc2 3f120000.usb: DWC OTG Controller
[    1.536560] mmcblk0rpmb: mmc0:0001 K5U00M 128 KiB, chardev (250:0)
[    1.541320] dwc2 3f120000.usb: new USB bus registered, assigned bus number 1
[    1.565521] dwc2 3f120000.usb: irq 39, io mem 0x3f120000
[    1.574310] hub 1-0:1.0: USB hub found
[    1.580322] hub 1-0:1.0: 1 port detected
[    1.588134] cfg80211: Loading compiled-in X.509 certificates for regulatory database
[    1.605529] Loaded X.509 cert 'sforshee: 00b28ddf47aef9cea7'
[    1.619689] Loaded X.509 cert 'wens: 61c038651aabdcf94bd0ac7ff06c7248db18c600'
[    1.633178] clk: Disabling unused clocks
[    1.639282] platform regulatory.0: Direct firmware load for regulatory.db failed with error -2
[    1.652038] cfg80211: failed to load regulatory.db
[    1.698730] mmc1: new high speed SDHC card at address 544c
[    1.711853] mmcblk1: mmc1:544c MSSD0 29.2 GiB
[    1.723785]  mmcblk1: p1 p2
[    2.243041] mmc2: SDHCI controller on 3f1a0000.mmc [3f1a0000.mmc] using PIO
[    3.462005] EXT4-fs (mmcblk1p2): recovery complete
[    3.474060] EXT4-fs (mmcblk1p2): mounted filesystem 0dfc4957-81ab-4994-96e7-7d41deb1b52f r/w with ordered data mode. Quota mode: disabled.
[    3.493164] VFS: Mounted root (ext4 filesystem) on device 179:98.
[    3.504119] devtmpfs: mounted
[    3.514129] Freeing unused kernel image (initmem) memory: 1024K
[    3.527343] Run /sbin/init as init process
[    3.533355]   with arguments:
[    3.538024]     /sbin/init
[    3.542358]   with environment:
[    3.547241]     HOME=/
[    3.551177]     TERM=linux
[    4.280883] systemd[1]: System time advanced to timestamp on /var/lib/systemd/timesync/clock: Thu 2025-09-18 17:49:16 BST
[    4.315185] mmc2: Failed to initialize a non-removable card
[    4.336578] systemd[1]: Failed to find module 'autofs4'
[    4.416870] systemd[1]: systemd 257.8-1~deb13u2+rpi1-g094e686 running in system mode (+PAM +AUDIT +SELINUX +APPARMOR +IMA +IPE +SMACK +SECCOMP +GCRYPT -GNUTLS +OPENSSL +ACL +BLKID +CURL +ELFUTILS +FIDO2 +IDN2 -IDN +IPTC +KMOD +LIBCRYPTSETUP +LIBCRYPTSETUP_PLUGINS +LIBFDISK +PCRE2 +PWQUALITY +P11KIT +QRENCODE +TPM2 +BZIP2 +LZ4 +XZ +ZLIB +ZSTD -BPF_FRAMEWORK -BTF -XKBCOMMON -UTMP +SYSVINIT +LIBARCHIVE)
[    4.469238] systemd[1]: Detected architecture arm.
[    4.512237] systemd[1]: Hostname set to <cs02>.
[    4.925689] dw-apb-uart 3e002000.serial: forbid DMA for kernel console
[    5.063720] zram_generator::config[92]: zram0: system has too much memory (715MB), limit is 0MB, ignoring.
[    5.309204] random: python3: uninitialized urandom read (24 bytes read)
[    7.530914] systemd[1]: Queued start job for default target graphical.target.
[    7.581237] systemd[1]: Created slice system-getty.slice - Slice /system/getty.
[    7.600097] systemd[1]: Created slice system-modprobe.slice - Slice /system/modprobe.
[    7.628692] systemd[1]: Created slice system-rpi\x2dsetup\x2dloop.slice - Slice /system/rpi-setup-loop.
[    7.662933] systemd[1]: Created slice system-serial\x2dgetty.slice - Slice /system/serial-getty.
[    7.680572] systemd[1]: Created slice system-systemd\x2dzram\x2dsetup.slice - Slice /system/systemd-zram-setup.
[    7.698333] systemd[1]: Created slice user.slice - User and Session Slice.
[    7.719726] systemd[1]: Started systemd-ask-password-wall.path - Forward Password Requests to Wall Directory Watch.
[    7.738830] systemd[1]: proc-sys-fs-binfmt_misc.automount - Arbitrary Executable File Formats File System Automount Point was skipped because of an unmet condition check (ConditionPathExists=/proc/sys/fs/binfmt_misc).
[    7.768737] systemd[1]: Expecting device dev-dri-card0.device - /dev/dri/card0...
[    7.794952] systemd[1]: Expecting device dev-dri-renderD128.device - /dev/dri/renderD128...
[    7.824127] systemd[1]: Expecting device dev-ttyS2.device - /dev/ttyS2...
[    7.838592] systemd[1]: Expecting device dev-zram0.device - /dev/zram0...
[    7.852752] systemd[1]: Reached target nss-user-lookup.target - User and Group Name Lookups.
[    7.883850] systemd[1]: Reached target slices.target - Slice Units.
[    7.899627] systemd[1]: Listening on rpcbind.socket - RPCbind Server Activation Socket.
[    7.924774] systemd[1]: Listening on systemd-creds.socket - Credential Encryption/Decryption.
[    7.957366] systemd[1]: Listening on systemd-initctl.socket - initctl Compatibility Named Pipe.
[    8.000823] systemd[1]: systemd-journald-audit.socket - Journal Audit Socket was skipped because of an unmet condition check (ConditionSecurity=audit).
[    8.024810] systemd[1]: Listening on systemd-journald-dev-log.socket - Journal Socket (/dev/log).
[    8.047973] systemd[1]: Listening on systemd-journald.socket - Journal Sockets.
[    8.076965] systemd[1]: Listening on systemd-networkd.socket - Network Service Netlink Socket.
[    8.108245] systemd[1]: Listening on systemd-udevd-control.socket - udev Control Socket.
[    8.127899] systemd[1]: Listening on systemd-udevd-kernel.socket - udev Kernel Socket.
[    8.158172] systemd[1]: dev-hugepages.mount - Huge Pages File System was skipped because of an unmet condition check (ConditionPathExists=/sys/kernel/mm/hugepages).
[    8.183441] systemd[1]: dev-mqueue.mount - POSIX Message Queue File System was skipped because of an unmet condition check (ConditionPathExists=/proc/sys/fs/mqueue).
[    8.212585] systemd[1]: Mounting run-lock.mount - Legacy Locks Directory /run/lock...
[    8.245086] systemd[1]: Mounting sys-kernel-debug.mount - Kernel Debug File System...
[    8.273101] systemd[1]: sys-kernel-tracing.mount - Kernel Trace File System was skipped because of an unmet condition check (ConditionPathExists=/sys/kernel/tracing).
[    8.299804] systemd[1]: auth-rpcgss-module.service - Kernel Module supporting RPCSEC_GSS was skipped because of an unmet condition check (ConditionPathExists=/etc/krb5.keytab).
[    8.333831] systemd[1]: Starting keyboard-setup.service - Set the console keyboard layout...
[    8.361633] systemd[1]: kmod-static-nodes.service - Create List of Static Device Nodes was skipped because of an unmet condition check (ConditionFileNotEmpty=/lib/modules/6.16.0+/modules.devname).
[    8.400390] systemd[1]: Starting modprobe@configfs.service - Load Kernel Module configfs...
[    8.459991] systemd[1]: Starting modprobe@drm.service - Load Kernel Module drm...
[    8.560668] systemd[1]: Starting modprobe@efi_pstore.service - Load Kernel Module efi_pstore...
[    8.670135] systemd[1]: Starting modprobe@fuse.service - Load Kernel Module fuse...
[    8.703704] systemd[1]: netplan-ovs-cleanup.service - OpenVSwitch configuration for cleanup was skipped because of an unmet condition check (ConditionFileIsExecutable=/usr/bin/ovs-vsctl).
[    8.790344] systemd[1]: Starting nftables.service - nftables...
[    8.828979] systemd[1]: systemd-hibernate-clear.service - Clear Stale Hibernate Storage Info was skipped because of an unmet condition check (ConditionPathExists=/sys/firmware/efi/efivars/HibernateLocation-8cf2644b-4b0b-428f-9387-6d876050dc67).
[    8.867736] systemd[1]: systemd-journald.service: unit configures an IP firewall, but the local system does not support BPF/cgroup firewalling.
[    8.891510] systemd[1]: systemd-journald.service: (This warning is only shown for the first unit using IP firewalling.)
[    8.934844] systemd[1]: Starting systemd-journald.service - Journal Service...
[    8.977661] systemd[1]: Starting systemd-modules-load.service - Load Kernel Modules...
[    9.017272] systemd[1]: Starting systemd-network-generator.service - Generate network units from Kernel command line...
[    9.092712] systemd[1]: Starting systemd-remount-fs.service - Remount Root and Kernel File Systems...
[    9.144744] systemd[1]: Starting systemd-tmpfiles-setup-dev-early.service - Create Static Device Nodes in /dev gracefully...
[    9.233062] systemd[1]: Starting systemd-udev-load-credentials.service - Load udev Rules from Credentials...
[    9.309722] systemd[1]: Starting systemd-udev-trigger.service - Coldplug All udev Devices...
[    9.330169] zram: Added device: zram0
[    9.362640] i2c_dev: i2c /dev entries driver
[    9.377960] systemd[1]: Mounted run-lock.mount - Legacy Locks Directory /run/lock.
[    9.422882] systemd-journald[175]: Collecting audit messages is disabled.
[    9.443267] systemd[1]: Mounted sys-kernel-debug.mount - Kernel Debug File System.
[    9.498107] systemd[1]: Finished keyboard-setup.service - Set the console keyboard layout.
[    9.576385] systemd[1]: modprobe@configfs.service: Deactivated successfully.
[    9.594696] systemd[1]: Finished modprobe@configfs.service - Load Kernel Module configfs.
[    9.637023] systemd[1]: Started systemd-journald.service - Journal Service.
[   10.030242] random: python3: uninitialized urandom read (24 bytes read)
[   10.117736] systemd-journald[175]: Received client request to flush runtime journal.
[   14.832336] i2c-gpio i2c-musb: using lines 113 (SDA) and 114 (SCL)
[   14.840484] input: gpio-keys as /devices/platform/gpio-keys/input/input0
[   15.157897] bmc150_accel_i2c 1-0010: mounting matrix not found: using identity...
[   15.350799] Bluetooth: Core ver 2.22
[   15.358612] NET: Registered PF_BLUETOOTH protocol family
[   15.364746] Bluetooth: HCI device and connection manager initialized
[   15.372406] Bluetooth: HCI socket layer initialized
[   15.400421] Bluetooth: L2CAP socket layer initialized
[   15.408081] Bluetooth: SCO socket layer initialized
[   15.466308] Bluetooth: HCI UART driver ver 2.3
[   15.471405] Bluetooth: HCI UART protocol H4 registered
[   15.482940] input: Zinitix Capacitive TouchScreen as /devices/platform/slaves-bus@3e000000/3e01c000.i2c/i2c-2/2-0020/input/input1
[   15.497253] bmc150_magn_i2c 1-0012: mounting matrix not found: using identity...
[   15.504486] hci_uart_bcm serial0-0: supply vbat not found, using dummy regulator
[   15.520416] Bluetooth: HCI UART protocol Broadcom registered
[   15.533447] hci_uart_bcm serial0-0: supply vddio not found, using dummy regulator
[   15.653076] dw-apb-uart 3e000000.serial: failed to request DMA
[   15.942749] Bluetooth: hci0: BCM: chip id 62
[   15.953491] Bluetooth: hci0: BCM: features 0x0f
[   15.982604] Bluetooth: hci0: BCM4330B1
[   15.986907] Bluetooth: hci0: BCM4330B1 (002.001.003) build 0000
[   16.022308] Bluetooth: hci0: BCM4330B1 'brcm/BCM4330B1.hcd' Patch
[   16.290374] rt8973a 3-0014: Device type: version: 0x1, vendor: 0x2
[   18.848785] random: python3: uninitialized urandom read (24 bytes read)
[   19.859985] random: avahi-daemon: uninitialized urandom read (4 bytes read)
[   19.870025] random: dbus-daemon: uninitialized urandom read (12 bytes read)
[   20.416931] random: dbus-daemon: uninitialized urandom read (12 bytes read)
[   20.694274] random: crng init done
[   23.159759] Bluetooth: hci0: BCM: features 0x0f
[   23.200408] Bluetooth: hci0: U1 - BCM4330B1 37.4 MHz Class 1.5 NoExtLNA
[   23.215881] Bluetooth: hci0: BCM4330B1 (002.001.003) build 1015
[   23.499938] Bluetooth: MGMT ver 1.23
[   23.678619] Bluetooth: RFCOMM socket layer initialized
[   23.703674] Bluetooth: RFCOMM ver 1.11
[   31.942749] vsr: disabling
